INFO | Computing normalization stats from full dataset...
INFO | All species (13): ['DEC', 'DMC', 'EC', 'EMC', 'FEC', 'LiDFOB', 'LiFSI', 'LiPF6', 'LiTFSI', 'PC', 'PS', 'TPP', 'VC']
INFO | 
============================================================
INFO | OOD EVALUATION (v2): holding out 'FEC'
INFO | ============================================================
INFO | Lehnert2025 EC:DMC:PC: 75 valid σ points generated
INFO | Lehnert2025 EC:EMC:MP: 75 valid σ points generated
INFO | Lehnert2025 total: 150 entries
INFO | Logan 2018: loaded 160 entries
INFO | Nyman 2008: generated 37 entries from polynomial fits
INFO | Valoen 2005: generated 315 entries from polynomial fits
INFO |   calisol             :   370 entries
INFO |   electrolytomics     :  1545 entries
INFO |   lehnert2025         :   150 entries
INFO |   logan2018           :   160 entries
INFO |   nyman2008           :    37 entries
INFO |   original            :   125 entries
INFO |   valoen2005          :   306 entries
INFO |   TOTAL               :  2693 entries
INFO | Train recipes (no FEC): 2512
INFO | OOD recipes (with FEC): 31
INFO | Mixture physics mean: [ 2.35618449e+01  7.93912206e-01  7.25947824e+00  1.60177012e+00
  7.67572663e+00  1.31552458e+00  1.28344320e+02  3.21299736e+01
  5.03473483e+01  1.73809324e+01  1.46693698e+00  5.32547062e+01
  9.15656255e-01  2.23184015e+00  5.56597503e+00  1.55003004e+01
  1.14710086e+00  4.25541781e+00  7.61222947e+01  2.23988210e+02
  8.14416396e-01  8.52764398e-01  2.62062977e+02  4.47025287e+03
  1.20443858e+03  1.23184015e+00  1.23184015e+00  2.10229472e+00
  4.49789575e+00  2.80660970e+03  9.45956302e+01  1.07978023e+03
  5.00139383e-01  1.56049522e+00  3.41761410e+00  1.11765098e+04
  5.03572695e+01  1.72787014e+01  1.47406621e+00  5.06381153e+01
  5.46744593e+01  5.13356529e+01  1.51319767e+00  2.94318284e-02
  7.28838273e-01  1.23163515e+00  2.99742064e+00  2.19795845e-01
  2.57232278e+01  3.14806665e+02  5.62975947e+01  0.00000000e+00
  3.48197862e+01 -2.56933048e+00  9.26832284e-01  4.41593628e+00
  5.37097624e+00  6.73596300e-01  4.88229302e+01  1.48091090e+01
  4.94174373e-02  1.65272702e-01  2.94100318e+00  1.80558133e-04
  1.65245943e-01  1.14085354e+01  5.51933036e+02  3.67391829e+02
  5.83023617e+02  1.90805803e+02  2.09169673e+02  2.42397644e+01
  3.45982309e+02  3.64250050e+02  1.15451497e+03  3.71549545e+02
  3.66915299e+01  1.31406105e+02  4.27360774e+01  3.59069022e+02
  3.14485276e+01  1.86865466e+03  4.69972110e+01  1.65172956e+02]
INFO | Mixture physics std:  [1.10787582e+01 4.29091838e-01 2.37687456e+00 8.38120744e-01
 2.82562325e+00 6.62186604e-02 1.29871359e+01 1.05423452e+01
 1.64849693e+01 5.68382125e+00 4.83276126e-01 2.07928234e+01
 3.36631946e-01 7.64764381e-01 4.14750596e+00 2.04037758e+01
 2.24753658e-01 4.27091281e+00 5.76059008e+01 7.81697117e+01
 9.30834969e-01 2.75895751e-01 3.75380328e+02 5.49346394e+03
 8.97406870e+02 7.64764381e-01 7.64764381e-01 2.68877829e+00
 1.06859172e+01 1.57156719e+03 8.06169248e+01 4.37890269e+02
 1.62307482e-01 5.61253273e-01 1.58294007e+00 3.87446050e+04
 1.65952299e+01 5.52536284e+00 5.12644546e-01 1.99649805e+01
 2.71750611e+01 5.97053514e+02 7.46068815e-01 6.02042249e-03
 5.80809575e-02 7.64829505e-01 1.87391409e+00 4.05131109e-01
 2.97222239e+01 3.01567652e+02 6.60097277e+01 1.00000000e+00
 1.37830227e+01 2.12949990e+00 1.63283217e-01 1.88208981e+00
 5.06201712e+00 2.03743830e-01 1.45157993e+01 5.26619891e-01
 2.16088664e-01 1.17291100e+00 1.84313877e-01 7.39243736e-03
 1.17285616e+00 3.77055505e+00 2.04846021e+02 1.63218157e+02
 2.68248739e+02 7.01434366e+01 1.05082532e+02 8.37276511e+00
 9.71995263e+01 1.19872603e+02 6.48320838e+02 1.43600563e+02
 1.63326129e+01 9.24008640e+01 2.63545563e+01 4.48770920e+02
 1.30669189e+02 1.01572683e+03 4.00375344e+01 2.58316721e+02]
INFO | Baseline feature mean: [50.34734831 23.56184486  0.79391221 17.38093239  1.46693698  0.8527644
  1.23163515]
INFO | Baseline feature std:  [16.48496935 11.07875824  0.42909184  5.68382125  0.48327613  0.27589575
  0.76482951]
INFO |   [FEC] Step     1 | loss=1.5143 | train=4.817 | OOD=2.114 mS/cm | best_OOD=2.114@1 | 3s
INFO |   [FEC] Step   200 | loss=0.9247 | train=3.143 | OOD=4.789 mS/cm | best_OOD=2.114@1 | 99s
INFO |   [FEC] Step   400 | loss=0.5427 | train=1.685 | OOD=2.554 mS/cm | best_OOD=2.114@1 | 188s
INFO |   [FEC] Step   600 | loss=0.1756 | train=0.808 | OOD=1.074 mS/cm | best_OOD=1.074@600 | 266s
INFO |   [FEC] Step   800 | loss=0.0767 | train=0.686 | OOD=1.035 mS/cm | best_OOD=1.035@800 | 347s
INFO |   [FEC] Step  1000 | loss=0.0573 | train=0.867 | OOD=0.955 mS/cm | best_OOD=0.955@1000 | 427s
INFO |   [FEC] Step  1200 | loss=0.0421 | train=0.639 | OOD=0.845 mS/cm | best_OOD=0.845@1200 | 513s
INFO |   [FEC] Step  1400 | loss=0.0351 | train=0.606 | OOD=1.060 mS/cm | best_OOD=0.845@1200 | 597s
INFO |   [FEC] Step  1600 | loss=0.0309 | train=0.331 | OOD=1.102 mS/cm | best_OOD=0.845@1200 | 690s
INFO |   [FEC] Step  1800 | loss=0.0258 | train=0.427 | OOD=1.208 mS/cm | best_OOD=0.845@1200 | 785s
INFO |   [FEC] Step  2000 | loss=0.0269 | train=0.430 | OOD=1.350 mS/cm | best_OOD=0.845@1200 | 867s
INFO |   [FEC] Step  2200 | loss=0.0270 | train=0.656 | OOD=1.489 mS/cm | best_OOD=0.845@1200 | 948s
INFO |   [FEC] Step  2400 | loss=0.0211 | train=0.380 | OOD=1.523 mS/cm | best_OOD=0.845@1200 | 1029s
INFO |   [FEC] Step  2600 | loss=0.0211 | train=0.380 | OOD=1.540 mS/cm | best_OOD=0.845@1200 | 1113s
INFO |   [FEC] Step  2800 | loss=0.0207 | train=0.315 | OOD=1.615 mS/cm | best_OOD=0.845@1200 | 1206s
INFO |   [FEC] Step  3000 | loss=0.0205 | train=0.313 | OOD=1.652 mS/cm | best_OOD=0.845@1200 | 1289s
INFO |   [FEC] Step  3200 | loss=0.0179 | train=0.329 | OOD=1.691 mS/cm | best_OOD=0.845@1200 | 1370s
INFO |   [FEC] Step  3400 | loss=0.0186 | train=0.301 | OOD=1.734 mS/cm | best_OOD=0.845@1200 | 1451s
INFO |   [FEC] Step  3600 | loss=0.0180 | train=0.318 | OOD=1.779 mS/cm | best_OOD=0.845@1200 | 1540s
INFO |   [FEC] Step  3800 | loss=0.0174 | train=0.313 | OOD=1.764 mS/cm | best_OOD=0.845@1200 | 1631s
INFO |   [FEC] Step  4000 | loss=0.0178 | train=0.301 | OOD=1.825 mS/cm | best_OOD=0.845@1200 | 1722s
INFO |   [FEC] Step  4200 | loss=0.0172 | train=0.292 | OOD=1.845 mS/cm | best_OOD=0.845@1200 | 1813s
INFO |   [FEC] Step  4400 | loss=0.0173 | train=0.299 | OOD=1.837 mS/cm | best_OOD=0.845@1200 | 1897s
INFO |   [FEC] Step  4600 | loss=0.0174 | train=0.305 | OOD=1.832 mS/cm | best_OOD=0.845@1200 | 1980s
INFO |   [FEC] Step  4800 | loss=0.0180 | train=0.303 | OOD=1.841 mS/cm | best_OOD=0.845@1200 | 2058s
INFO |   [FEC] Step  5000 | loss=0.0182 | train=0.303 | OOD=1.840 mS/cm | best_OOD=0.845@1200 | 2135s
INFO | 
OOD FEC: train MAE=0.303, OOD MAE=1.840 mS/cm
INFO |   Best OOD MAE=0.845 at step 1200
INFO | 
============================================================
INFO | OOD EVALUATION (v2): holding out 'VC'
INFO | ============================================================
INFO | Lehnert2025 EC:DMC:PC: 75 valid σ points generated
INFO | Lehnert2025 EC:EMC:MP: 75 valid σ points generated
INFO | Lehnert2025 total: 150 entries
INFO | Logan 2018: loaded 160 entries
INFO | Nyman 2008: generated 37 entries from polynomial fits
INFO | Valoen 2005: generated 315 entries from polynomial fits
INFO |   calisol             :   370 entries
INFO |   electrolytomics     :  1545 entries
INFO |   lehnert2025         :   150 entries
INFO |   logan2018           :   160 entries
INFO |   nyman2008           :    37 entries
INFO |   original            :   125 entries
INFO |   valoen2005          :   306 entries
INFO |   TOTAL               :  2693 entries
INFO | Train recipes (no VC): 2520
INFO | OOD recipes (with VC): 23
INFO | Mixture physics mean: [ 2.35482277e+01  7.94765291e-01  7.25668390e+00  1.59943728e+00
  7.67045186e+00  1.31547902e+00  1.28375318e+02  3.20795721e+01
  5.03785399e+01  1.73813025e+01  1.46801238e+00  5.33527787e+01
  9.15391880e-01  2.23298388e+00  5.57098864e+00  1.55178090e+01
  1.14747004e+00  4.25863177e+00  7.60292717e+01  2.23591881e+02
  8.16167109e-01  8.52783629e-01  2.62359149e+02  4.46601676e+03
  1.20313123e+03  1.23298388e+00  1.23298388e+00  2.10502089e+00
  4.50379472e+00  2.80947429e+03  9.46423665e+01  1.07999396e+03
  5.00266742e-01  1.56339904e+00  3.42549902e+00  1.11656831e+04
  5.03635236e+01  1.72794118e+01  1.47389239e+00  5.07030818e+01
  5.46925168e+01  6.51952714e+01  1.52636963e+00  2.93868301e-02
  7.28862688e-01  1.23245179e+00  3.00537847e+00  2.19501204e-01
  2.58801520e+01  3.15562769e+02  5.66617760e+01  0.00000000e+00
  3.49042083e+01 -2.57766458e+00  9.26980559e-01  4.41715551e+00
  5.39198519e+00  6.73752065e-01  4.87521077e+01  1.48006791e+01
  5.10943393e-02  1.63208303e-01  2.94190476e+00  9.86473757e-04
  1.62679413e-01  1.13972095e+01  5.51685389e+02  3.66636623e+02
  5.83625535e+02  1.90581449e+02  2.09019701e+02  2.42218673e+01
  3.46610703e+02  3.64749244e+02  1.15643403e+03  3.71348223e+02
  3.68612195e+01  1.31671225e+02  4.27544292e+01  3.59769378e+02
  3.14566835e+01  1.87934806e+03  4.70271389e+01  1.64647009e+02]
INFO | Mixture physics std:  [1.10845379e+01 4.29552374e-01 2.37552240e+00 8.38195501e-01
 2.82462490e+00 6.61921084e-02 1.29734841e+01 1.05633456e+01
 1.64765594e+01 5.68077089e+00 4.83102824e-01 2.08366709e+01
 3.36550800e-01 7.64703639e-01 4.14758052e+00 2.03994796e+01
 2.24702833e-01 4.27901860e+00 5.75602008e+01 7.83944151e+01
 9.30856822e-01 2.75756913e-01 3.75717296e+02 5.48691336e+03
 8.96657731e+02 7.64703639e-01 7.64703639e-01 2.68886333e+00
 1.06804600e+01 1.57081814e+03 8.07561947e+01 4.38774237e+02
 1.62189923e-01 5.65541530e-01 1.59022728e+00 3.86908896e+04
 1.65894383e+01 5.52274593e+00 5.12194244e-01 1.99290483e+01
 2.71370304e+01 6.78226707e+02 7.75910742e-01 6.05251696e-03
 5.81025965e-02 7.64721200e-01 1.88812851e+00 4.04534451e-01
 3.00527580e+01 3.03594846e+02 6.68473431e+01 1.00000000e+00
 1.39255135e+01 2.14379769e+00 1.63045403e-01 1.88202207e+00
 5.10154258e+00 2.04019003e-01 1.45988169e+01 5.43489945e-01
 2.19765649e-01 1.16413208e+00 1.85565264e-01 1.83324152e-02
 1.16360757e+00 3.78970336e+00 2.05754062e+02 1.63804772e+02
 2.69943347e+02 7.03918799e+01 1.04937479e+02 8.40858453e+00
 9.81099873e+01 1.20466533e+02 6.50338374e+02 1.43778625e+02
 1.67278185e+01 9.23907195e+01 2.63549034e+01 4.48454872e+02
 1.30471670e+02 1.03863459e+03 4.00872465e+01 2.58071558e+02]
INFO | Baseline feature mean: [50.37853994 23.54822774  0.79476529 17.38130249  1.46801238  0.85278363
  1.23245179]
INFO | Baseline feature std:  [16.47655935 11.08453794  0.42955237  5.68077089  0.48310282  0.27575691
  0.7647212 ]
