INFO | Loading clean dataset
INFO | Total rows: 15849
INFO | Held-out species (by SMILES): ('DEC', 'LiTFSI', 'VC') -> {'CCOC(=O)OCC', 'O=C1OC=CO1', '[Li+].O=S(=O)(C(F)(F)F)[N-]S(=O)(=O)C(F)(F)F'}
INFO | Split: train=9928 val=1103 ood=4818
INFO | Norm stats: T_mean=295.40 T_std=20.17
INFO | Caching 109 unique SMILES -> molecular graphs
INFO | Pre-packing rows into arrays
INFO | Pre-pack done in 1.0s
INFO | Model params: 195763
INFO | Training plan: 10 epochs x 310 steps/epoch x batch 32 = 3100 total steps
INFO | step 1 epoch 0 loss=18.7621 elapsed=8s
INFO | step 10 epoch 0 loss=17.1988 elapsed=11s
INFO | step 20 epoch 0 loss=10.3240 elapsed=16s
INFO | step 30 epoch 0 loss=10.6090 elapsed=20s
INFO | step 40 epoch 0 loss=7.0774 elapsed=24s
INFO | step 50 epoch 0 loss=4.0480 elapsed=28s
INFO | step 60 epoch 0 loss=4.9205 elapsed=32s
INFO | step 70 epoch 0 loss=1.6930 elapsed=36s
INFO | step 80 epoch 0 loss=2.6968 elapsed=40s
INFO | step 90 epoch 0 loss=1.9264 elapsed=44s
INFO | step 100 epoch 0 loss=2.8070 elapsed=48s
INFO | step 110 epoch 0 loss=3.7989 elapsed=52s
INFO | step 120 epoch 0 loss=2.3707 elapsed=56s
INFO | step 130 epoch 0 loss=2.5927 elapsed=60s
INFO | step 140 epoch 0 loss=2.0476 elapsed=64s
INFO | step 150 epoch 0 loss=2.2552 elapsed=68s
INFO | step 160 epoch 0 loss=2.8477 elapsed=72s
INFO | step 170 epoch 0 loss=1.8190 elapsed=76s
INFO | step 180 epoch 0 loss=2.6131 elapsed=80s
INFO | step 190 epoch 0 loss=2.9414 elapsed=83s
INFO | step 200 epoch 0 loss=2.6777 elapsed=87s
INFO | step 210 epoch 0 loss=2.8592 elapsed=91s
INFO | step 220 epoch 0 loss=2.1271 elapsed=93s
INFO | step 230 epoch 0 loss=2.1062 elapsed=97s
INFO | step 240 epoch 0 loss=2.2067 elapsed=100s
INFO | step 250 epoch 0 loss=1.6236 elapsed=103s
INFO | step 260 epoch 0 loss=2.2727 elapsed=106s
INFO | step 270 epoch 0 loss=2.8554 elapsed=109s
INFO | step 280 epoch 0 loss=1.4535 elapsed=112s
INFO | step 290 epoch 0 loss=2.5000 elapsed=115s
INFO | step 300 epoch 0 loss=1.6508 elapsed=118s
INFO | step 310 epoch 0 loss=1.6378 elapsed=121s
INFO | epoch 0 done  val_log_mse=14.6999  ood_log_mse=40.4475  elapsed=126s
INFO | Saved /Users/jreddy/electrolyte_formation_sim/conductivity/fm_data/checkpoints/epoch_000.pkl
INFO | step 320 epoch 1 loss=1.3853 elapsed=129s
INFO | step 330 epoch 1 loss=1.5089 elapsed=132s
INFO | step 340 epoch 1 loss=2.0156 elapsed=135s
INFO | step 350 epoch 1 loss=2.1389 elapsed=138s
INFO | step 360 epoch 1 loss=2.1032 elapsed=141s
INFO | step 370 epoch 1 loss=1.2271 elapsed=145s
INFO | step 380 epoch 1 loss=1.0800 elapsed=147s
INFO | step 390 epoch 1 loss=1.6642 elapsed=150s
INFO | step 400 epoch 1 loss=1.5425 elapsed=153s
INFO | step 410 epoch 1 loss=1.6201 elapsed=155s
INFO | step 420 epoch 1 loss=1.9219 elapsed=159s
INFO | step 430 epoch 1 loss=1.8739 elapsed=161s
INFO | step 440 epoch 1 loss=1.1429 elapsed=163s
INFO | step 450 epoch 1 loss=1.9201 elapsed=166s
INFO | step 460 epoch 1 loss=2.9367 elapsed=170s
INFO | step 470 epoch 1 loss=2.9265 elapsed=173s
INFO | step 480 epoch 1 loss=2.3733 elapsed=176s
INFO | step 490 epoch 1 loss=1.3213 elapsed=179s
INFO | step 500 epoch 1 loss=1.5916 elapsed=181s
INFO | step 510 epoch 1 loss=2.4034 elapsed=183s
INFO | step 520 epoch 1 loss=1.0423 elapsed=185s
INFO | step 530 epoch 1 loss=1.6797 elapsed=188s
INFO | step 540 epoch 1 loss=0.9256 elapsed=190s
INFO | step 550 epoch 1 loss=0.9551 elapsed=192s
INFO | step 560 epoch 1 loss=1.9039 elapsed=195s
INFO | step 570 epoch 1 loss=1.7697 elapsed=197s
INFO | step 580 epoch 1 loss=1.7401 elapsed=200s
INFO | step 590 epoch 1 loss=1.7856 elapsed=202s
INFO | step 600 epoch 1 loss=2.4834 elapsed=204s
INFO | step 610 epoch 1 loss=1.9802 elapsed=207s
INFO | step 620 epoch 1 loss=1.4339 elapsed=210s
INFO | epoch 1 done  val_log_mse=3.5256  ood_log_mse=13.5506  elapsed=211s
INFO | Saved /Users/jreddy/electrolyte_formation_sim/conductivity/fm_data/checkpoints/epoch_001.pkl
INFO | step 630 epoch 2 loss=1.5070 elapsed=214s
INFO | step 640 epoch 2 loss=1.3493 elapsed=217s
INFO | step 650 epoch 2 loss=2.0326 elapsed=220s
INFO | step 660 epoch 2 loss=0.9229 elapsed=223s
INFO | step 670 epoch 2 loss=2.0169 elapsed=226s
INFO | step 680 epoch 2 loss=0.5791 elapsed=228s
INFO | step 690 epoch 2 loss=2.2791 elapsed=231s
INFO | step 700 epoch 2 loss=1.3273 elapsed=233s
INFO | step 710 epoch 2 loss=1.1723 elapsed=236s
INFO | step 720 epoch 2 loss=1.1709 elapsed=238s
INFO | step 730 epoch 2 loss=0.7498 elapsed=241s
INFO | step 740 epoch 2 loss=0.8487 elapsed=243s
INFO | step 750 epoch 2 loss=1.1771 elapsed=245s
INFO | step 760 epoch 2 loss=0.8338 elapsed=248s
INFO | step 770 epoch 2 loss=2.1559 elapsed=250s
INFO | step 780 epoch 2 loss=1.0693 elapsed=253s
INFO | step 790 epoch 2 loss=1.1105 elapsed=255s
INFO | step 800 epoch 2 loss=1.3184 elapsed=259s
INFO | step 810 epoch 2 loss=1.2437 elapsed=262s
INFO | step 820 epoch 2 loss=0.4230 elapsed=264s
INFO | step 830 epoch 2 loss=1.1157 elapsed=266s
INFO | step 840 epoch 2 loss=2.1213 elapsed=269s
INFO | step 850 epoch 2 loss=0.8295 elapsed=272s
INFO | step 860 epoch 2 loss=1.1191 elapsed=274s
INFO | step 870 epoch 2 loss=0.9374 elapsed=277s
INFO | step 880 epoch 2 loss=1.5324 elapsed=280s
INFO | step 890 epoch 2 loss=0.4865 elapsed=282s
INFO | step 900 epoch 2 loss=1.1886 elapsed=285s
INFO | step 910 epoch 2 loss=3.0382 elapsed=287s
INFO | step 920 epoch 2 loss=1.4206 elapsed=290s
INFO | step 930 epoch 2 loss=1.2225 elapsed=292s
INFO | epoch 2 done  val_log_mse=4.5077  ood_log_mse=6.5208  elapsed=293s
INFO | Saved /Users/jreddy/electrolyte_formation_sim/conductivity/fm_data/checkpoints/epoch_002.pkl
INFO | step 940 epoch 3 loss=0.9272 elapsed=296s
INFO | step 950 epoch 3 loss=1.6311 elapsed=298s
INFO | step 960 epoch 3 loss=0.8373 elapsed=301s
INFO | step 970 epoch 3 loss=0.7916 elapsed=304s
INFO | step 980 epoch 3 loss=0.6067 elapsed=306s
INFO | step 990 epoch 3 loss=0.8244 elapsed=309s
INFO | step 1000 epoch 3 loss=1.6831 elapsed=312s
INFO | step 1010 epoch 3 loss=0.5953 elapsed=314s
INFO | step 1020 epoch 3 loss=0.8347 elapsed=317s
INFO | step 1030 epoch 3 loss=0.9351 elapsed=319s
INFO | step 1040 epoch 3 loss=1.1212 elapsed=321s
INFO | step 1050 epoch 3 loss=1.2078 elapsed=324s
INFO | step 1060 epoch 3 loss=2.1581 elapsed=326s
INFO | step 1070 epoch 3 loss=1.0257 elapsed=328s
INFO | step 1080 epoch 3 loss=0.8968 elapsed=331s
INFO | step 1090 epoch 3 loss=0.8945 elapsed=333s
INFO | step 1100 epoch 3 loss=1.0474 elapsed=335s
INFO | step 1110 epoch 3 loss=1.2305 elapsed=337s
INFO | step 1120 epoch 3 loss=1.1671 elapsed=340s
INFO | step 1130 epoch 3 loss=0.7376 elapsed=342s
INFO | step 1140 epoch 3 loss=0.8279 elapsed=344s
INFO | step 1150 epoch 3 loss=0.6065 elapsed=347s
INFO | step 1160 epoch 3 loss=0.6631 elapsed=349s
INFO | step 1170 epoch 3 loss=1.3506 elapsed=351s
INFO | step 1180 epoch 3 loss=0.5490 elapsed=353s
INFO | step 1190 epoch 3 loss=0.9657 elapsed=355s
INFO | step 1200 epoch 3 loss=1.3155 elapsed=357s
INFO | step 1210 epoch 3 loss=1.0122 elapsed=360s
INFO | step 1220 epoch 3 loss=0.7995 elapsed=362s
INFO | step 1230 epoch 3 loss=0.9931 elapsed=364s
INFO | step 1240 epoch 3 loss=0.9805 elapsed=366s
INFO | epoch 3 done  val_log_mse=2.7027  ood_log_mse=8.5633  elapsed=367s
INFO | Saved /Users/jreddy/electrolyte_formation_sim/conductivity/fm_data/checkpoints/epoch_003.pkl
INFO | step 1250 epoch 4 loss=1.3893 elapsed=369s
INFO | step 1260 epoch 4 loss=0.7961 elapsed=371s
INFO | step 1270 epoch 4 loss=0.5929 elapsed=374s
INFO | step 1280 epoch 4 loss=0.4178 elapsed=376s
INFO | step 1290 epoch 4 loss=0.6045 elapsed=378s
INFO | step 1300 epoch 4 loss=0.9213 elapsed=380s
INFO | step 1310 epoch 4 loss=0.5842 elapsed=382s
INFO | step 1320 epoch 4 loss=0.5916 elapsed=384s
INFO | step 1330 epoch 4 loss=0.5642 elapsed=386s
INFO | step 1340 epoch 4 loss=0.4536 elapsed=388s
INFO | step 1350 epoch 4 loss=0.8417 elapsed=390s
INFO | step 1360 epoch 4 loss=0.6179 elapsed=392s
INFO | step 1370 epoch 4 loss=0.9092 elapsed=396s
INFO | step 1380 epoch 4 loss=0.8022 elapsed=398s
INFO | step 1390 epoch 4 loss=0.6935 elapsed=400s
INFO | step 1400 epoch 4 loss=0.6409 elapsed=403s
INFO | step 1410 epoch 4 loss=1.4287 elapsed=405s
INFO | step 1420 epoch 4 loss=1.0729 elapsed=407s
INFO | step 1430 epoch 4 loss=1.4794 elapsed=409s
INFO | step 1440 epoch 4 loss=1.0905 elapsed=411s
INFO | step 1450 epoch 4 loss=0.4816 elapsed=413s
INFO | step 1460 epoch 4 loss=0.5303 elapsed=415s
INFO | step 1470 epoch 4 loss=1.0916 elapsed=418s
INFO | step 1480 epoch 4 loss=0.3930 elapsed=420s
INFO | step 1490 epoch 4 loss=0.2752 elapsed=422s
INFO | step 1500 epoch 4 loss=0.6912 elapsed=424s
INFO | step 1510 epoch 4 loss=0.8772 elapsed=428s
INFO | step 1520 epoch 4 loss=1.2087 elapsed=430s
INFO | step 1530 epoch 4 loss=0.8697 elapsed=433s
INFO | step 1540 epoch 4 loss=0.9175 elapsed=435s
INFO | step 1550 epoch 4 loss=0.3717 elapsed=437s
INFO | epoch 4 done  val_log_mse=1.3807  ood_log_mse=5.8146  elapsed=438s
INFO | Saved /Users/jreddy/electrolyte_formation_sim/conductivity/fm_data/checkpoints/epoch_004.pkl
INFO | step 1560 epoch 5 loss=1.0661 elapsed=440s
INFO | step 1570 epoch 5 loss=0.4179 elapsed=442s
INFO | step 1580 epoch 5 loss=0.2930 elapsed=444s
INFO | step 1590 epoch 5 loss=0.6792 elapsed=446s
INFO | step 1600 epoch 5 loss=0.8888 elapsed=448s
INFO | step 1610 epoch 5 loss=0.3231 elapsed=450s
INFO | step 1620 epoch 5 loss=0.5718 elapsed=452s
INFO | step 1630 epoch 5 loss=1.0343 elapsed=454s
INFO | step 1640 epoch 5 loss=0.6983 elapsed=456s
INFO | step 1650 epoch 5 loss=0.9145 elapsed=458s
INFO | step 1660 epoch 5 loss=0.5809 elapsed=460s
INFO | step 1670 epoch 5 loss=0.7493 elapsed=462s
INFO | step 1680 epoch 5 loss=1.0047 elapsed=465s
INFO | step 1690 epoch 5 loss=0.4819 elapsed=467s
INFO | step 1700 epoch 5 loss=0.4698 elapsed=469s
INFO | step 1710 epoch 5 loss=0.7414 elapsed=471s
INFO | step 1720 epoch 5 loss=0.1999 elapsed=473s
INFO | step 1730 epoch 5 loss=0.7493 elapsed=475s
INFO | step 1740 epoch 5 loss=0.6636 elapsed=477s
INFO | step 1750 epoch 5 loss=0.7322 elapsed=480s
INFO | step 1760 epoch 5 loss=0.4159 elapsed=482s
INFO | step 1770 epoch 5 loss=0.4027 elapsed=484s
INFO | step 1780 epoch 5 loss=0.3112 elapsed=486s
INFO | step 1790 epoch 5 loss=0.6178 elapsed=488s
INFO | step 1800 epoch 5 loss=0.4648 elapsed=490s
INFO | step 1810 epoch 5 loss=0.3480 elapsed=493s
INFO | step 1820 epoch 5 loss=0.6269 elapsed=495s
INFO | step 1830 epoch 5 loss=0.5200 elapsed=498s
INFO | step 1840 epoch 5 loss=0.4736 elapsed=501s
INFO | step 1850 epoch 5 loss=0.5429 elapsed=504s
INFO | step 1860 epoch 5 loss=0.3206 elapsed=506s
INFO | epoch 5 done  val_log_mse=1.6065  ood_log_mse=6.0931  elapsed=508s
INFO | Saved /Users/jreddy/electrolyte_formation_sim/conductivity/fm_data/checkpoints/epoch_005.pkl
INFO | step 1870 epoch 6 loss=0.4783 elapsed=511s
INFO | step 1880 epoch 6 loss=0.9878 elapsed=513s
INFO | step 1890 epoch 6 loss=0.5448 elapsed=516s
INFO | step 1900 epoch 6 loss=0.2970 elapsed=519s
INFO | step 1910 epoch 6 loss=0.7656 elapsed=522s
INFO | step 1920 epoch 6 loss=0.4560 elapsed=525s
INFO | step 1930 epoch 6 loss=0.3153 elapsed=529s
INFO | step 1940 epoch 6 loss=0.4058 elapsed=531s
INFO | step 1950 epoch 6 loss=0.6557 elapsed=534s
INFO | step 1960 epoch 6 loss=0.3794 elapsed=537s
INFO | step 1970 epoch 6 loss=0.3874 elapsed=541s
INFO | step 1980 epoch 6 loss=0.3623 elapsed=544s
INFO | step 1990 epoch 6 loss=1.6844 elapsed=547s
INFO | step 2000 epoch 6 loss=0.7593 elapsed=551s
INFO | step 2010 epoch 6 loss=1.3145 elapsed=554s
INFO | step 2020 epoch 6 loss=0.8504 elapsed=558s
INFO | step 2030 epoch 6 loss=0.5502 elapsed=561s
INFO | step 2040 epoch 6 loss=0.7949 elapsed=564s
INFO | step 2050 epoch 6 loss=0.5046 elapsed=568s
INFO | step 2060 epoch 6 loss=0.5301 elapsed=572s
INFO | step 2070 epoch 6 loss=0.5701 elapsed=575s
INFO | step 2080 epoch 6 loss=0.4590 elapsed=579s
INFO | step 2090 epoch 6 loss=0.3123 elapsed=582s
INFO | step 2100 epoch 6 loss=0.3187 elapsed=586s
INFO | step 2110 epoch 6 loss=0.3893 elapsed=590s
INFO | step 2120 epoch 6 loss=0.7519 elapsed=593s
INFO | step 2130 epoch 6 loss=0.7934 elapsed=597s
INFO | step 2140 epoch 6 loss=0.5395 elapsed=600s
INFO | step 2150 epoch 6 loss=0.5178 elapsed=603s
INFO | step 2160 epoch 6 loss=0.3974 elapsed=607s
INFO | step 2170 epoch 6 loss=0.3261 elapsed=612s
INFO | epoch 6 done  val_log_mse=1.0942  ood_log_mse=5.3379  elapsed=614s
INFO | Saved /Users/jreddy/electrolyte_formation_sim/conductivity/fm_data/checkpoints/epoch_006.pkl
INFO | step 2180 epoch 7 loss=0.5820 elapsed=617s
INFO | step 2190 epoch 7 loss=0.3111 elapsed=621s
INFO | step 2200 epoch 7 loss=0.8452 elapsed=624s
INFO | step 2210 epoch 7 loss=0.5359 elapsed=627s
INFO | step 2220 epoch 7 loss=0.2847 elapsed=630s
INFO | step 2230 epoch 7 loss=1.7035 elapsed=634s
INFO | step 2240 epoch 7 loss=1.2370 elapsed=637s
INFO | step 2250 epoch 7 loss=0.9174 elapsed=640s
INFO | step 2260 epoch 7 loss=0.6245 elapsed=643s
INFO | step 2270 epoch 7 loss=0.9080 elapsed=646s
INFO | step 2280 epoch 7 loss=0.8163 elapsed=649s
INFO | step 2290 epoch 7 loss=0.5132 elapsed=653s
INFO | step 2300 epoch 7 loss=0.3865 elapsed=656s
INFO | step 2310 epoch 7 loss=0.6114 elapsed=659s
INFO | step 2320 epoch 7 loss=0.3636 elapsed=663s
INFO | step 2330 epoch 7 loss=0.6705 elapsed=667s
INFO | step 2340 epoch 7 loss=0.5319 elapsed=670s
INFO | step 2350 epoch 7 loss=0.5797 elapsed=673s
INFO | step 2360 epoch 7 loss=0.3388 elapsed=677s
INFO | step 2370 epoch 7 loss=0.3919 elapsed=680s
INFO | step 2380 epoch 7 loss=0.4374 elapsed=683s
INFO | step 2390 epoch 7 loss=0.9138 elapsed=686s
INFO | step 2400 epoch 7 loss=0.4949 elapsed=689s
INFO | step 2410 epoch 7 loss=0.3635 elapsed=692s
INFO | step 2420 epoch 7 loss=0.9929 elapsed=696s
INFO | step 2430 epoch 7 loss=0.2221 elapsed=700s
INFO | step 2440 epoch 7 loss=0.2839 elapsed=704s
INFO | step 2450 epoch 7 loss=0.5999 elapsed=707s
INFO | step 2460 epoch 7 loss=0.6786 elapsed=710s
INFO | step 2470 epoch 7 loss=0.2114 elapsed=713s
INFO | step 2480 epoch 7 loss=0.3809 elapsed=716s
INFO | epoch 7 done  val_log_mse=0.8643  ood_log_mse=5.4326  elapsed=718s
INFO | Saved /Users/jreddy/electrolyte_formation_sim/conductivity/fm_data/checkpoints/epoch_007.pkl
INFO | step 2490 epoch 8 loss=0.3562 elapsed=721s
INFO | step 2500 epoch 8 loss=0.2888 elapsed=724s
INFO | step 2510 epoch 8 loss=1.3841 elapsed=728s
INFO | step 2520 epoch 8 loss=0.8616 elapsed=731s
INFO | step 2530 epoch 8 loss=0.3873 elapsed=734s
INFO | step 2540 epoch 8 loss=0.3262 elapsed=737s
INFO | step 2550 epoch 8 loss=1.0000 elapsed=741s
INFO | step 2560 epoch 8 loss=0.5369 elapsed=744s
INFO | step 2570 epoch 8 loss=0.4452 elapsed=747s
INFO | step 2580 epoch 8 loss=0.5925 elapsed=751s
INFO | step 2590 epoch 8 loss=0.8472 elapsed=755s
INFO | step 2600 epoch 8 loss=0.2570 elapsed=760s
INFO | step 2610 epoch 8 loss=0.3935 elapsed=763s
INFO | step 2620 epoch 8 loss=0.7570 elapsed=766s
INFO | step 2630 epoch 8 loss=0.5518 elapsed=770s
INFO | step 2640 epoch 8 loss=0.2875 elapsed=774s
INFO | step 2650 epoch 8 loss=0.4563 elapsed=778s
INFO | step 2660 epoch 8 loss=0.2888 elapsed=781s
INFO | step 2670 epoch 8 loss=0.4019 elapsed=785s
INFO | step 2680 epoch 8 loss=0.5666 elapsed=788s
INFO | step 2690 epoch 8 loss=0.4609 elapsed=792s
INFO | step 2700 epoch 8 loss=0.4577 elapsed=795s
INFO | step 2710 epoch 8 loss=0.3647 elapsed=799s
INFO | step 2720 epoch 8 loss=0.3304 elapsed=802s
INFO | step 2730 epoch 8 loss=1.1193 elapsed=805s
INFO | step 2740 epoch 8 loss=0.6015 elapsed=809s
INFO | step 2750 epoch 8 loss=0.3291 elapsed=812s
INFO | step 2760 epoch 8 loss=0.6438 elapsed=816s
INFO | step 2770 epoch 8 loss=0.3365 elapsed=819s
INFO | step 2780 epoch 8 loss=0.5222 elapsed=823s
INFO | step 2790 epoch 8 loss=0.3507 elapsed=826s
INFO | epoch 8 done  val_log_mse=0.7865  ood_log_mse=5.2043  elapsed=828s
INFO | Saved /Users/jreddy/electrolyte_formation_sim/conductivity/fm_data/checkpoints/epoch_008.pkl
INFO | step 2800 epoch 9 loss=0.4887 elapsed=831s
INFO | step 2810 epoch 9 loss=0.7458 elapsed=834s
INFO | step 2820 epoch 9 loss=0.6810 elapsed=838s
INFO | step 2830 epoch 9 loss=0.4333 elapsed=843s
INFO | step 2840 epoch 9 loss=0.2997 elapsed=846s
INFO | step 2850 epoch 9 loss=0.2354 elapsed=849s
INFO | step 2860 epoch 9 loss=0.3863 elapsed=852s
INFO | step 2870 epoch 9 loss=0.5472 elapsed=856s
INFO | step 2880 epoch 9 loss=0.7119 elapsed=859s
INFO | step 2890 epoch 9 loss=1.0902 elapsed=862s
INFO | step 2900 epoch 9 loss=0.4562 elapsed=866s
INFO | step 2910 epoch 9 loss=0.5038 elapsed=870s
INFO | step 2920 epoch 9 loss=0.4877 elapsed=873s
INFO | step 2930 epoch 9 loss=0.6091 elapsed=877s
INFO | step 2940 epoch 9 loss=0.2595 elapsed=880s
INFO | step 2950 epoch 9 loss=0.4444 elapsed=883s
INFO | step 2960 epoch 9 loss=0.7966 elapsed=887s
INFO | step 2970 epoch 9 loss=0.2553 elapsed=891s
INFO | step 2980 epoch 9 loss=0.3195 elapsed=894s
INFO | step 2990 epoch 9 loss=0.3375 elapsed=898s
INFO | step 3000 epoch 9 loss=0.5070 elapsed=901s
INFO | step 3010 epoch 9 loss=0.6677 elapsed=904s
INFO | step 3020 epoch 9 loss=1.0842 elapsed=907s
INFO | step 3030 epoch 9 loss=0.2799 elapsed=911s
INFO | step 3040 epoch 9 loss=0.3287 elapsed=914s
INFO | step 3050 epoch 9 loss=0.2940 elapsed=918s
INFO | step 3060 epoch 9 loss=0.3934 elapsed=921s
INFO | step 3070 epoch 9 loss=1.8260 elapsed=924s
INFO | step 3080 epoch 9 loss=1.0420 elapsed=927s
INFO | step 3090 epoch 9 loss=0.5091 elapsed=930s
INFO | step 3100 epoch 9 loss=0.5957 elapsed=934s
INFO | epoch 9 done  val_log_mse=0.9301  ood_log_mse=4.9481  elapsed=936s
INFO | Saved /Users/jreddy/electrolyte_formation_sim/conductivity/fm_data/checkpoints/epoch_009.pkl
INFO | Training complete. Final model: /Users/jreddy/electrolyte_formation_sim/conductivity/fm_data/fm_conductivity_model.pkl
